=== Staten Island Ferry ===

Unsplash URLs (7):
  QIvXNRmE2C0: https://images.unsplash.com/photo-1650658356787-e1dbcb2d3046?crop=entropy&cs=tinysrgb&fit=max&fm=jpg&ixid=M3w5MjIzMTR8MHwxfHNlYXJjaHwxfHxTdGF0ZW4lMjBJc2xhbmQlMjBGZXJyeSUyQyUyME5ldyUyMFlvcmslMkMlMjBVbml0ZWQlMjBTdGF0ZXN8ZW58MXwwfHx8MTc4NTQ1NzgzOHww&ixlib=rb-4.1.0&q=80&w=1080
  OyfQeTOBtxE: https://images.unsplash.com/photo-1782457935873-78b8046ab059?crop=entropy&cs=tinysrgb&fit=max&fm=jpg&ixid=M3w5MjIzMTR8MHwxfHNlYXJjaHwyfHxTdGF0ZW4lMjBJc2xhbmQlMjBGZXJyeSUyQyUyME5ldyUyMFlvcmslMkMlMjBVbml0ZWQlMjBTdGF0ZXN8ZW58MXwwfHx8MTc4NTQ1NzgzOHww&ixlib=rb-4.1.0&q=80&w=1080
  UW1eHchfdZs: https://images.unsplash.com/photo-1710273374344-b88ea9e7547a?crop=entropy&cs=tinysrgb&fit=max&fm=jpg&ixid=M3w5MjIzMTR8MHwxfHNlYXJjaHwzfHxTdGF0ZW4lMjBJc2xhbmQlMjBGZXJyeSUyQyUyME5ldyUyMFlvcmslMkMlMjBVbml0ZWQlMjBTdGF0ZXN8ZW58MXwwfHx8MTc4NTQ1NzgzOHww&ixlib=rb-4.1.0&q=80&w=1080
  5lpZUjs2sVo: https://images.unsplash.com/photo-1761301643393-5f473d8f680c?crop=entropy&cs=tinysrgb&fit=max&fm=jpg&ixid=M3w5MjIzMTR8MHwxfHNlYXJjaHw0fHxTdGF0ZW4lMjBJc2xhbmQlMjBGZXJyeSUyQyUyME5ldyUyMFlvcmslMkMlMjBVbml0ZWQlMjBTdGF0ZXN8ZW58MXwwfHx8MTc4NTQ1NzgzOHww&ixlib=rb-4.1.0&q=80&w=1080
  dwywdJ6XgOc: https://images.unsplash.com/photo-1514327501863-dca7af3f16ad?crop=entropy&cs=tinysrgb&fit=max&fm=jpg&ixid=M3w5MjIzMTR8MHwxfHNlYXJjaHw1fHxTdGF0ZW4lMjBJc2xhbmQlMjBGZXJyeSUyQyUyME5ldyUyMFlvcmslMkMlMjBVbml0ZWQlMjBTdGF0ZXN8ZW58MXwwfHx8MTc4NTQ1NzgzOHww&ixlib=rb-4.1.0&q=80&w=1080
  TaeSGElGKJw: https://images.unsplash.com/photo-1714609945670-6d1c53f42290?crop=entropy&cs=tinysrgb&fit=max&fm=jpg&ixid=M3w5MjIzMTR8MHwxfHNlYXJjaHw2fHxTdGF0ZW4lMjBJc2xhbmQlMjBGZXJyeSUyQyUyME5ldyUyMFlvcmslMkMlMjBVbml0ZWQlMjBTdGF0ZXN8ZW58MXwwfHx8MTc4NTQ1NzgzOHww&ixlib=rb-4.1.0&q=80&w=1080
  fOZhaJLVzqk: https://images.unsplash.com/photo-1763516852449-d329279e3417?crop=entropy&cs=tinysrgb&fit=max&fm=jpg&ixid=M3w5MjIzMTR8MHwxfHNlYXJjaHw3fHxTdGF0ZW4lMjBJc2xhbmQlMjBGZXJyeSUyQyUyME5ldyUyMFlvcmslMkMlMjBVbml0ZWQlMjBTdGF0ZXN8ZW58MXwwfHx8MTc4NTQ1NzgzOHww&ixlib=rb-4.1.0&q=80&w=1080

Wikimedia URLs (15):
  commons-560237: https://upload.wikimedia.org/wikipedia/commons/thumb/e/e6/Lower_Manhattan_from_Staten_Island_Ferry_Jan_2006.jpg/1280px-Lower_Manhattan_from_Staten_Island_Ferry_Jan_2006.jpg
    preview: https://upload.wikimedia.org/wikipedia/commons/thumb/e/e6/Lower_Manhattan_from_Staten_Island_Ferry_Jan_2006.jpg/500px-Lower_Manhattan_from_Staten_Island_Ferry_Jan_2006.jpg
  commons-829894: https://upload.wikimedia.org/wikipedia/commons/thumb/d/dc/Lower_Manhattan_from_Staten_Island_Ferry_Corrected_Jan_2006.jpg/1280px-Lower_Manhattan_from_Staten_Island_Ferry_Corrected_Jan_2006.jpg
    preview: https://upload.wikimedia.org/wikipedia/commons/thumb/d/dc/Lower_Manhattan_from_Staten_Island_Ferry_Corrected_Jan_2006.jpg/500px-Lower_Manhattan_from_Staten_Island_Ferry_Corrected_Jan_2006.jpg
  commons-4175432: https://upload.wikimedia.org/wikipedia/commons/thumb/3/36/NYC_Staten_Island_Ferry_Andrew_J._Barberi.jpg/1280px-NYC_Staten_Island_Ferry_Andrew_J._Barberi.jpg
    preview: https://upload.wikimedia.org/wikipedia/commons/thumb/3/36/NYC_Staten_Island_Ferry_Andrew_J._Barberi.jpg/500px-NYC_Staten_Island_Ferry_Andrew_J._Barberi.jpg
  commons-4182403: https://upload.wikimedia.org/wikipedia/commons/thumb/2/21/Staten_Island_Ferry_terminal.jpg/1280px-Staten_Island_Ferry_terminal.jpg
    preview: https://upload.wikimedia.org/wikipedia/commons/thumb/2/21/Staten_Island_Ferry_terminal.jpg/500px-Staten_Island_Ferry_terminal.jpg
  commons-14894240: https://upload.wikimedia.org/wikipedia/commons/thumb/a/a6/New_York_City_Staten_Island_Ferry.jpg/1280px-New_York_City_Staten_Island_Ferry.jpg
    preview: https://upload.wikimedia.org/wikipedia/commons/thumb/a/a6/New_York_City_Staten_Island_Ferry.jpg/500px-New_York_City_Staten_Island_Ferry.jpg
  commons-128270210: https://upload.wikimedia.org/wikipedia/commons/thumb/7/72/Brooklyn_from_Staten_Island_Ferry_February_2015.jpg/1280px-Brooklyn_from_Staten_Island_Ferry_February_2015.jpg
    preview: https://upload.wikimedia.org/wikipedia/commons/thumb/7/72/Brooklyn_from_Staten_Island_Ferry_February_2015.jpg/500px-Brooklyn_from_Staten_Island_Ferry_February_2015.jpg
  commons-128270211: https://upload.wikimedia.org/wikipedia/commons/thumb/f/f7/Lower_Manhattan_from_Staten_Island_Ferry_February_2015_001.jpg/1280px-Lower_Manhattan_from_Staten_Island_Ferry_February_2015_001.jpg
    preview: https://upload.wikimedia.org/wikipedia/commons/thumb/f/f7/Lower_Manhattan_from_Staten_Island_Ferry_February_2015_001.jpg/500px-Lower_Manhattan_from_Staten_Island_Ferry_February_2015_001.jpg
  commons-128270218: https://upload.wikimedia.org/wikipedia/commons/thumb/3/3b/Lower_Manhattan_from_Staten_Island_Ferry_February_2015_002.jpg/1280px-Lower_Manhattan_from_Staten_Island_Ferry_February_2015_002.jpg
    preview: https://upload.wikimedia.org/wikipedia/commons/thumb/3/3b/Lower_Manhattan_from_Staten_Island_Ferry_February_2015_002.jpg/500px-Lower_Manhattan_from_Staten_Island_Ferry_February_2015_002.jpg
  commons-128270223: https://upload.wikimedia.org/wikipedia/commons/thumb/c/c7/Lower_Manhattan_from_Staten_Island_Ferry_February_2015_003.jpg/1280px-Lower_Manhattan_from_Staten_Island_Ferry_February_2015_003.jpg
    preview: https://upload.wikimedia.org/wikipedia/commons/thumb/c/c7/Lower_Manhattan_from_Staten_Island_Ferry_February_2015_003.jpg/500px-Lower_Manhattan_from_Staten_Island_Ferry_February_2015_003.jpg
  commons-141429361: https://upload.wikimedia.org/wikipedia/commons/thumb/7/77/View_of_Manhattan_and_Jersey_City_from_Staten_Island_Ferry%2C_NYC%2C_20231002_1633_1755.jpg/1280px-View_of_Manhattan_and_Jersey_City_from_Staten_Island_Ferry%2C_NYC%2C_20231002_1633_1755.jpg
    preview: https://upload.wikimedia.org/wikipedia/commons/thumb/7/77/View_of_Manhattan_and_Jersey_City_from_Staten_Island_Ferry%2C_NYC%2C_20231002_1633_1755.jpg/500px-View_of_Manhattan_and_Jersey_City_from_Staten_Island_Ferry%2C_NYC%2C_20231002_1633_1755.jpg
  commons-141430436: https://upload.wikimedia.org/wikipedia/commons/thumb/b/bf/View_of_Manhattan_from_Staten_Island_Ferry%2C_NYC%2C_20231002_1646_1798.jpg/1280px-View_of_Manhattan_from_Staten_Island_Ferry%2C_NYC%2C_20231002_1646_1798.jpg
    preview: https://upload.wikimedia.org/wikipedia/commons/thumb/b/bf/View_of_Manhattan_from_Staten_Island_Ferry%2C_NYC%2C_20231002_1646_1798.jpg/500px-View_of_Manhattan_from_Staten_Island_Ferry%2C_NYC%2C_20231002_1646_1798.jpg
  commons-141430437: https://upload.wikimedia.org/wikipedia/commons/thumb/8/8c/View_of_Manhattan_from_Staten_Island_Ferry%2C_NYC%2C_20231002_1650_1808.jpg/1280px-View_of_Manhattan_from_Staten_Island_Ferry%2C_NYC%2C_20231002_1650_1808.jpg
    preview: https://upload.wikimedia.org/wikipedia/commons/thumb/8/8c/View_of_Manhattan_from_Staten_Island_Ferry%2C_NYC%2C_20231002_1650_1808.jpg/500px-View_of_Manhattan_from_Staten_Island_Ferry%2C_NYC%2C_20231002_1650_1808.jpg
  commons-141430438: https://upload.wikimedia.org/wikipedia/commons/thumb/a/ae/View_of_Manhattan_from_Staten_Island_Ferry%2C_NYC%2C_20231002_1645_1788.jpg/1280px-View_of_Manhattan_from_Staten_Island_Ferry%2C_NYC%2C_20231002_1645_1788.jpg
    preview: https://upload.wikimedia.org/wikipedia/commons/thumb/a/ae/View_of_Manhattan_from_Staten_Island_Ferry%2C_NYC%2C_20231002_1645_1788.jpg/500px-View_of_Manhattan_from_Staten_Island_Ferry%2C_NYC%2C_20231002_1645_1788.jpg
  commons-141430446: https://upload.wikimedia.org/wikipedia/commons/thumb/7/79/View_of_Manhattan_from_Staten_Island_Ferry%2C_NYC%2C_20231002_1652_1818.jpg/1280px-View_of_Manhattan_from_Staten_Island_Ferry%2C_NYC%2C_20231002_1652_1818.jpg
    preview: https://upload.wikimedia.org/wikipedia/commons/thumb/7/79/View_of_Manhattan_from_Staten_Island_Ferry%2C_NYC%2C_20231002_1652_1818.jpg/500px-View_of_Manhattan_from_Staten_Island_Ferry%2C_NYC%2C_20231002_1652_1818.jpg
  commons-141431761: https://upload.wikimedia.org/wikipedia/commons/thumb/8/8b/View_of_Liberty_Island_from_Staten_Island_Ferry%2C_NYC%2C_20231002_1645_1793.jpg/1280px-View_of_Liberty_Island_from_Staten_Island_Ferry%2C_NYC%2C_20231002_1645_1793.jpg
    preview: https://upload.wikimedia.org/wikipedia/commons/thumb/8/8b/View_of_Liberty_Island_from_Staten_Island_Ferry%2C_NYC%2C_20231002_1645_1793.jpg/500px-View_of_Liberty_Island_from_Staten_Island_Ferry%2C_NYC%2C_20231002_1645_1793.jpg

--- After AI ---

Relevant URLs (22):
  QIvXNRmE2C0: https://images.unsplash.com/photo-1650658356787-e1dbcb2d3046?crop=entropy&cs=tinysrgb&fit=max&fm=jpg&ixid=M3w5MjIzMTR8MHwxfHNlYXJjaHwxfHxTdGF0ZW4lMjBJc2xhbmQlMjBGZXJyeSUyQyUyME5ldyUyMFlvcmslMkMlMjBVbml0ZWQlMjBTdGF0ZXN8ZW58MXwwfHx8MTc4NTQ1NzgzOHww&ixlib=rb-4.1.0&q=80&w=1080
  OyfQeTOBtxE: https://images.unsplash.com/photo-1782457935873-78b8046ab059?crop=entropy&cs=tinysrgb&fit=max&fm=jpg&ixid=M3w5MjIzMTR8MHwxfHNlYXJjaHwyfHxTdGF0ZW4lMjBJc2xhbmQlMjBGZXJyeSUyQyUyME5ldyUyMFlvcmslMkMlMjBVbml0ZWQlMjBTdGF0ZXN8ZW58MXwwfHx8MTc4NTQ1NzgzOHww&ixlib=rb-4.1.0&q=80&w=1080
  UW1eHchfdZs: https://images.unsplash.com/photo-1710273374344-b88ea9e7547a?crop=entropy&cs=tinysrgb&fit=max&fm=jpg&ixid=M3w5MjIzMTR8MHwxfHNlYXJjaHwzfHxTdGF0ZW4lMjBJc2xhbmQlMjBGZXJyeSUyQyUyME5ldyUyMFlvcmslMkMlMjBVbml0ZWQlMjBTdGF0ZXN8ZW58MXwwfHx8MTc4NTQ1NzgzOHww&ixlib=rb-4.1.0&q=80&w=1080
  5lpZUjs2sVo: https://images.unsplash.com/photo-1761301643393-5f473d8f680c?crop=entropy&cs=tinysrgb&fit=max&fm=jpg&ixid=M3w5MjIzMTR8MHwxfHNlYXJjaHw0fHxTdGF0ZW4lMjBJc2xhbmQlMjBGZXJyeSUyQyUyME5ldyUyMFlvcmslMkMlMjBVbml0ZWQlMjBTdGF0ZXN8ZW58MXwwfHx8MTc4NTQ1NzgzOHww&ixlib=rb-4.1.0&q=80&w=1080
  dwywdJ6XgOc: https://images.unsplash.com/photo-1514327501863-dca7af3f16ad?crop=entropy&cs=tinysrgb&fit=max&fm=jpg&ixid=M3w5MjIzMTR8MHwxfHNlYXJjaHw1fHxTdGF0ZW4lMjBJc2xhbmQlMjBGZXJyeSUyQyUyME5ldyUyMFlvcmslMkMlMjBVbml0ZWQlMjBTdGF0ZXN8ZW58MXwwfHx8MTc4NTQ1NzgzOHww&ixlib=rb-4.1.0&q=80&w=1080
  TaeSGElGKJw: https://images.unsplash.com/photo-1714609945670-6d1c53f42290?crop=entropy&cs=tinysrgb&fit=max&fm=jpg&ixid=M3w5MjIzMTR8MHwxfHNlYXJjaHw2fHxTdGF0ZW4lMjBJc2xhbmQlMjBGZXJyeSUyQyUyME5ldyUyMFlvcmslMkMlMjBVbml0ZWQlMjBTdGF0ZXN8ZW58MXwwfHx8MTc4NTQ1NzgzOHww&ixlib=rb-4.1.0&q=80&w=1080
  fOZhaJLVzqk: https://images.unsplash.com/photo-1763516852449-d329279e3417?crop=entropy&cs=tinysrgb&fit=max&fm=jpg&ixid=M3w5MjIzMTR8MHwxfHNlYXJjaHw3fHxTdGF0ZW4lMjBJc2xhbmQlMjBGZXJyeSUyQyUyME5ldyUyMFlvcmslMkMlMjBVbml0ZWQlMjBTdGF0ZXN8ZW58MXwwfHx8MTc4NTQ1NzgzOHww&ixlib=rb-4.1.0&q=80&w=1080
  commons-560237: https://upload.wikimedia.org/wikipedia/commons/thumb/e/e6/Lower_Manhattan_from_Staten_Island_Ferry_Jan_2006.jpg/1280px-Lower_Manhattan_from_Staten_Island_Ferry_Jan_2006.jpg
    preview: https://upload.wikimedia.org/wikipedia/commons/thumb/e/e6/Lower_Manhattan_from_Staten_Island_Ferry_Jan_2006.jpg/500px-Lower_Manhattan_from_Staten_Island_Ferry_Jan_2006.jpg
  commons-829894: https://upload.wikimedia.org/wikipedia/commons/thumb/d/dc/Lower_Manhattan_from_Staten_Island_Ferry_Corrected_Jan_2006.jpg/1280px-Lower_Manhattan_from_Staten_Island_Ferry_Corrected_Jan_2006.jpg
    preview: https://upload.wikimedia.org/wikipedia/commons/thumb/d/dc/Lower_Manhattan_from_Staten_Island_Ferry_Corrected_Jan_2006.jpg/500px-Lower_Manhattan_from_Staten_Island_Ferry_Corrected_Jan_2006.jpg
  commons-4175432: https://upload.wikimedia.org/wikipedia/commons/thumb/3/36/NYC_Staten_Island_Ferry_Andrew_J._Barberi.jpg/1280px-NYC_Staten_Island_Ferry_Andrew_J._Barberi.jpg
    preview: https://upload.wikimedia.org/wikipedia/commons/thumb/3/36/NYC_Staten_Island_Ferry_Andrew_J._Barberi.jpg/500px-NYC_Staten_Island_Ferry_Andrew_J._Barberi.jpg
  commons-4182403: https://upload.wikimedia.org/wikipedia/commons/thumb/2/21/Staten_Island_Ferry_terminal.jpg/1280px-Staten_Island_Ferry_terminal.jpg
    preview: https://upload.wikimedia.org/wikipedia/commons/thumb/2/21/Staten_Island_Ferry_terminal.jpg/500px-Staten_Island_Ferry_terminal.jpg
  commons-14894240: https://upload.wikimedia.org/wikipedia/commons/thumb/a/a6/New_York_City_Staten_Island_Ferry.jpg/1280px-New_York_City_Staten_Island_Ferry.jpg
    preview: https://upload.wikimedia.org/wikipedia/commons/thumb/a/a6/New_York_City_Staten_Island_Ferry.jpg/500px-New_York_City_Staten_Island_Ferry.jpg
  commons-128270210: https://upload.wikimedia.org/wikipedia/commons/thumb/7/72/Brooklyn_from_Staten_Island_Ferry_February_2015.jpg/1280px-Brooklyn_from_Staten_Island_Ferry_February_2015.jpg
    preview: https://upload.wikimedia.org/wikipedia/commons/thumb/7/72/Brooklyn_from_Staten_Island_Ferry_February_2015.jpg/500px-Brooklyn_from_Staten_Island_Ferry_February_2015.jpg
  commons-128270211: https://upload.wikimedia.org/wikipedia/commons/thumb/f/f7/Lower_Manhattan_from_Staten_Island_Ferry_February_2015_001.jpg/1280px-Lower_Manhattan_from_Staten_Island_Ferry_February_2015_001.jpg
    preview: https://upload.wikimedia.org/wikipedia/commons/thumb/f/f7/Lower_Manhattan_from_Staten_Island_Ferry_February_2015_001.jpg/500px-Lower_Manhattan_from_Staten_Island_Ferry_February_2015_001.jpg
  commons-128270218: https://upload.wikimedia.org/wikipedia/commons/thumb/3/3b/Lower_Manhattan_from_Staten_Island_Ferry_February_2015_002.jpg/1280px-Lower_Manhattan_from_Staten_Island_Ferry_February_2015_002.jpg
    preview: https://upload.wikimedia.org/wikipedia/commons/thumb/3/3b/Lower_Manhattan_from_Staten_Island_Ferry_February_2015_002.jpg/500px-Lower_Manhattan_from_Staten_Island_Ferry_February_2015_002.jpg
  commons-128270223: https://upload.wikimedia.org/wikipedia/commons/thumb/c/c7/Lower_Manhattan_from_Staten_Island_Ferry_February_2015_003.jpg/1280px-Lower_Manhattan_from_Staten_Island_Ferry_February_2015_003.jpg
    preview: https://upload.wikimedia.org/wikipedia/commons/thumb/c/c7/Lower_Manhattan_from_Staten_Island_Ferry_February_2015_003.jpg/500px-Lower_Manhattan_from_Staten_Island_Ferry_February_2015_003.jpg
  commons-141429361: https://upload.wikimedia.org/wikipedia/commons/thumb/7/77/View_of_Manhattan_and_Jersey_City_from_Staten_Island_Ferry%2C_NYC%2C_20231002_1633_1755.jpg/1280px-View_of_Manhattan_and_Jersey_City_from_Staten_Island_Ferry%2C_NYC%2C_20231002_1633_1755.jpg
    preview: https://upload.wikimedia.org/wikipedia/commons/thumb/7/77/View_of_Manhattan_and_Jersey_City_from_Staten_Island_Ferry%2C_NYC%2C_20231002_1633_1755.jpg/500px-View_of_Manhattan_and_Jersey_City_from_Staten_Island_Ferry%2C_NYC%2C_20231002_1633_1755.jpg
  commons-141430436: https://upload.wikimedia.org/wikipedia/commons/thumb/b/bf/View_of_Manhattan_from_Staten_Island_Ferry%2C_NYC%2C_20231002_1646_1798.jpg/1280px-View_of_Manhattan_from_Staten_Island_Ferry%2C_NYC%2C_20231002_1646_1798.jpg
    preview: https://upload.wikimedia.org/wikipedia/commons/thumb/b/bf/View_of_Manhattan_from_Staten_Island_Ferry%2C_NYC%2C_20231002_1646_1798.jpg/500px-View_of_Manhattan_from_Staten_Island_Ferry%2C_NYC%2C_20231002_1646_1798.jpg
  commons-141430437: https://upload.wikimedia.org/wikipedia/commons/thumb/8/8c/View_of_Manhattan_from_Staten_Island_Ferry%2C_NYC%2C_20231002_1650_1808.jpg/1280px-View_of_Manhattan_from_Staten_Island_Ferry%2C_NYC%2C_20231002_1650_1808.jpg
    preview: https://upload.wikimedia.org/wikipedia/commons/thumb/8/8c/View_of_Manhattan_from_Staten_Island_Ferry%2C_NYC%2C_20231002_1650_1808.jpg/500px-View_of_Manhattan_from_Staten_Island_Ferry%2C_NYC%2C_20231002_1650_1808.jpg
  commons-141430438: https://upload.wikimedia.org/wikipedia/commons/thumb/a/ae/View_of_Manhattan_from_Staten_Island_Ferry%2C_NYC%2C_20231002_1645_1788.jpg/1280px-View_of_Manhattan_from_Staten_Island_Ferry%2C_NYC%2C_20231002_1645_1788.jpg
    preview: https://upload.wikimedia.org/wikipedia/commons/thumb/a/ae/View_of_Manhattan_from_Staten_Island_Ferry%2C_NYC%2C_20231002_1645_1788.jpg/500px-View_of_Manhattan_from_Staten_Island_Ferry%2C_NYC%2C_20231002_1645_1788.jpg
  commons-141430446: https://upload.wikimedia.org/wikipedia/commons/thumb/7/79/View_of_Manhattan_from_Staten_Island_Ferry%2C_NYC%2C_20231002_1652_1818.jpg/1280px-View_of_Manhattan_from_Staten_Island_Ferry%2C_NYC%2C_20231002_1652_1818.jpg
    preview: https://upload.wikimedia.org/wikipedia/commons/thumb/7/79/View_of_Manhattan_from_Staten_Island_Ferry%2C_NYC%2C_20231002_1652_1818.jpg/500px-View_of_Manhattan_from_Staten_Island_Ferry%2C_NYC%2C_20231002_1652_1818.jpg
  commons-141431761: https://upload.wikimedia.org/wikipedia/commons/thumb/8/8b/View_of_Liberty_Island_from_Staten_Island_Ferry%2C_NYC%2C_20231002_1645_1793.jpg/1280px-View_of_Liberty_Island_from_Staten_Island_Ferry%2C_NYC%2C_20231002_1645_1793.jpg
    preview: https://upload.wikimedia.org/wikipedia/commons/thumb/8/8b/View_of_Liberty_Island_from_Staten_Island_Ferry%2C_NYC%2C_20231002_1645_1793.jpg/500px-View_of_Liberty_Island_from_Staten_Island_Ferry%2C_NYC%2C_20231002_1645_1793.jpg

Cover URL:
  5lpZUjs2sVo: https://images.unsplash.com/photo-1761301643393-5f473d8f680c?crop=entropy&cs=tinysrgb&fit=max&fm=jpg&ixid=M3w5MjIzMTR8MHwxfHNlYXJjaHw0fHxTdGF0ZW4lMjBJc2xhbmQlMjBGZXJyeSUyQyUyME5ldyUyMFlvcmslMkMlMjBVbml0ZWQlMjBTdGF0ZXN8ZW58MXwwfHx8MTc4NTQ1NzgzOHww&ixlib=rb-4.1.0&q=80&w=1080

Gallery URLs (4):
  commons-14894240: https://upload.wikimedia.org/wikipedia/commons/thumb/a/a6/New_York_City_Staten_Island_Ferry.jpg/1280px-New_York_City_Staten_Island_Ferry.jpg
    preview: https://upload.wikimedia.org/wikipedia/commons/thumb/a/a6/New_York_City_Staten_Island_Ferry.jpg/500px-New_York_City_Staten_Island_Ferry.jpg
  commons-141431761: https://upload.wikimedia.org/wikipedia/commons/thumb/8/8b/View_of_Liberty_Island_from_Staten_Island_Ferry%2C_NYC%2C_20231002_1645_1793.jpg/1280px-View_of_Liberty_Island_from_Staten_Island_Ferry%2C_NYC%2C_20231002_1645_1793.jpg
    preview: https://upload.wikimedia.org/wikipedia/commons/thumb/8/8b/View_of_Liberty_Island_from_Staten_Island_Ferry%2C_NYC%2C_20231002_1645_1793.jpg/500px-View_of_Liberty_Island_from_Staten_Island_Ferry%2C_NYC%2C_20231002_1645_1793.jpg
  fOZhaJLVzqk: https://images.unsplash.com/photo-1763516852449-d329279e3417?crop=entropy&cs=tinysrgb&fit=max&fm=jpg&ixid=M3w5MjIzMTR8MHwxfHNlYXJjaHw3fHxTdGF0ZW4lMjBJc2xhbmQlMjBGZXJyeSUyQyUyME5ldyUyMFlvcmslMkMlMjBVbml0ZWQlMjBTdGF0ZXN8ZW58MXwwfHx8MTc4NTQ1NzgzOHww&ixlib=rb-4.1.0&q=80&w=1080
  commons-829894: https://upload.wikimedia.org/wikipedia/commons/thumb/d/dc/Lower_Manhattan_from_Staten_Island_Ferry_Corrected_Jan_2006.jpg/1280px-Lower_Manhattan_from_Staten_Island_Ferry_Corrected_Jan_2006.jpg
    preview: https://upload.wikimedia.org/wikipedia/commons/thumb/d/dc/Lower_Manhattan_from_Staten_Island_Ferry_Corrected_Jan_2006.jpg/500px-Lower_Manhattan_from_Staten_Island_Ferry_Corrected_Jan_2006.jpg

============================================================
