=== The Shed ===

Unsplash ERROR: Unsplash returned no results for "The Shed, New York, United States"

Unsplash URLs (0):
  (none)

Wikimedia URLs (11):
  commons-80184425: https://upload.wikimedia.org/wikipedia/commons/thumb/7/76/The_Shed_-_Complete_%2848206488176%29.jpg/1280px-The_Shed_-_Complete_%2848206488176%29.jpg
    preview: https://upload.wikimedia.org/wikipedia/commons/thumb/7/76/The_Shed_-_Complete_%2848206488176%29.jpg/500px-The_Shed_-_Complete_%2848206488176%29.jpg
  commons-87282992: https://upload.wikimedia.org/wikipedia/commons/thumb/6/6f/The_Shed_at_night.jpg/1280px-The_Shed_at_night.jpg
    preview: https://upload.wikimedia.org/wikipedia/commons/thumb/6/6f/The_Shed_at_night.jpg/500px-The_Shed_at_night.jpg
  commons-104549195: https://upload.wikimedia.org/wikipedia/commons/thumb/c/ca/New_York_Philharmonic_at_The_Shed_-_51123219362.jpg/1280px-New_York_Philharmonic_at_The_Shed_-_51123219362.jpg
    preview: https://upload.wikimedia.org/wikipedia/commons/thumb/c/ca/New_York_Philharmonic_at_The_Shed_-_51123219362.jpg/500px-New_York_Philharmonic_at_The_Shed_-_51123219362.jpg
  commons-104549197: https://upload.wikimedia.org/wikipedia/commons/thumb/7/72/New_York_Philharmonic_at_The_Shed_-_51123693288.jpg/1280px-New_York_Philharmonic_at_The_Shed_-_51123693288.jpg
    preview: https://upload.wikimedia.org/wikipedia/commons/thumb/7/72/New_York_Philharmonic_at_The_Shed_-_51123693288.jpg/500px-New_York_Philharmonic_at_The_Shed_-_51123693288.jpg
  commons-104549213: https://upload.wikimedia.org/wikipedia/commons/thumb/8/8a/New_York_Philharmonic_at_The_Shed_-_51123784826.jpg/1280px-New_York_Philharmonic_at_The_Shed_-_51123784826.jpg
    preview: https://upload.wikimedia.org/wikipedia/commons/thumb/8/8a/New_York_Philharmonic_at_The_Shed_-_51123784826.jpg/500px-New_York_Philharmonic_at_The_Shed_-_51123784826.jpg
  commons-104549216: https://upload.wikimedia.org/wikipedia/commons/thumb/5/57/New_York_Philharmonic_at_The_Shed_-_51123784956.jpg/1280px-New_York_Philharmonic_at_The_Shed_-_51123784956.jpg
    preview: https://upload.wikimedia.org/wikipedia/commons/thumb/5/57/New_York_Philharmonic_at_The_Shed_-_51123784956.jpg/500px-New_York_Philharmonic_at_The_Shed_-_51123784956.jpg
  commons-104549221: https://upload.wikimedia.org/wikipedia/commons/thumb/2/23/New_York_Philharmonic_at_The_Shed_-_51123784701.jpg/1280px-New_York_Philharmonic_at_The_Shed_-_51123784701.jpg
    preview: https://upload.wikimedia.org/wikipedia/commons/thumb/2/23/New_York_Philharmonic_at_The_Shed_-_51123784701.jpg/500px-New_York_Philharmonic_at_The_Shed_-_51123784701.jpg
  commons-104549225: https://upload.wikimedia.org/wikipedia/commons/thumb/1/1e/New_York_Philharmonic_at_The_Shed_-_51123218447.jpg/1280px-New_York_Philharmonic_at_The_Shed_-_51123218447.jpg
    preview: https://upload.wikimedia.org/wikipedia/commons/thumb/1/1e/New_York_Philharmonic_at_The_Shed_-_51123218447.jpg/500px-New_York_Philharmonic_at_The_Shed_-_51123218447.jpg
  commons-104549230: https://upload.wikimedia.org/wikipedia/commons/thumb/5/51/New_York_Philharmonic_at_The_Shed_-_51123784176.jpg/1280px-New_York_Philharmonic_at_The_Shed_-_51123784176.jpg
    preview: https://upload.wikimedia.org/wikipedia/commons/thumb/5/51/New_York_Philharmonic_at_The_Shed_-_51123784176.jpg/500px-New_York_Philharmonic_at_The_Shed_-_51123784176.jpg
  commons-104549235: https://upload.wikimedia.org/wikipedia/commons/thumb/f/f7/New_York_Philharmonic_at_The_Shed_-_51123218672.jpg/1280px-New_York_Philharmonic_at_The_Shed_-_51123218672.jpg
    preview: https://upload.wikimedia.org/wikipedia/commons/thumb/f/f7/New_York_Philharmonic_at_The_Shed_-_51123218672.jpg/500px-New_York_Philharmonic_at_The_Shed_-_51123218672.jpg
  commons-109789196: https://upload.wikimedia.org/wikipedia/commons/thumb/0/09/The_Shed_August_2021.jpg/1280px-The_Shed_August_2021.jpg
    preview: https://upload.wikimedia.org/wikipedia/commons/thumb/0/09/The_Shed_August_2021.jpg/500px-The_Shed_August_2021.jpg

--- After AI ---

Relevant URLs (5):
  commons-80184425: https://upload.wikimedia.org/wikipedia/commons/thumb/7/76/The_Shed_-_Complete_%2848206488176%29.jpg/1280px-The_Shed_-_Complete_%2848206488176%29.jpg
    preview: https://upload.wikimedia.org/wikipedia/commons/thumb/7/76/The_Shed_-_Complete_%2848206488176%29.jpg/500px-The_Shed_-_Complete_%2848206488176%29.jpg
  commons-87282992: https://upload.wikimedia.org/wikipedia/commons/thumb/6/6f/The_Shed_at_night.jpg/1280px-The_Shed_at_night.jpg
    preview: https://upload.wikimedia.org/wikipedia/commons/thumb/6/6f/The_Shed_at_night.jpg/500px-The_Shed_at_night.jpg
  commons-104549195: https://upload.wikimedia.org/wikipedia/commons/thumb/c/ca/New_York_Philharmonic_at_The_Shed_-_51123219362.jpg/1280px-New_York_Philharmonic_at_The_Shed_-_51123219362.jpg
    preview: https://upload.wikimedia.org/wikipedia/commons/thumb/c/ca/New_York_Philharmonic_at_The_Shed_-_51123219362.jpg/500px-New_York_Philharmonic_at_The_Shed_-_51123219362.jpg
  commons-104549235: https://upload.wikimedia.org/wikipedia/commons/thumb/f/f7/New_York_Philharmonic_at_The_Shed_-_51123218672.jpg/1280px-New_York_Philharmonic_at_The_Shed_-_51123218672.jpg
    preview: https://upload.wikimedia.org/wikipedia/commons/thumb/f/f7/New_York_Philharmonic_at_The_Shed_-_51123218672.jpg/500px-New_York_Philharmonic_at_The_Shed_-_51123218672.jpg
  commons-109789196: https://upload.wikimedia.org/wikipedia/commons/thumb/0/09/The_Shed_August_2021.jpg/1280px-The_Shed_August_2021.jpg
    preview: https://upload.wikimedia.org/wikipedia/commons/thumb/0/09/The_Shed_August_2021.jpg/500px-The_Shed_August_2021.jpg

Cover URL:
  commons-80184425: https://upload.wikimedia.org/wikipedia/commons/thumb/7/76/The_Shed_-_Complete_%2848206488176%29.jpg/1280px-The_Shed_-_Complete_%2848206488176%29.jpg

Gallery URLs (4):
  commons-87282992: https://upload.wikimedia.org/wikipedia/commons/thumb/6/6f/The_Shed_at_night.jpg/1280px-The_Shed_at_night.jpg
    preview: https://upload.wikimedia.org/wikipedia/commons/thumb/6/6f/The_Shed_at_night.jpg/500px-The_Shed_at_night.jpg
  commons-104549195: https://upload.wikimedia.org/wikipedia/commons/thumb/c/ca/New_York_Philharmonic_at_The_Shed_-_51123219362.jpg/1280px-New_York_Philharmonic_at_The_Shed_-_51123219362.jpg
    preview: https://upload.wikimedia.org/wikipedia/commons/thumb/c/ca/New_York_Philharmonic_at_The_Shed_-_51123219362.jpg/500px-New_York_Philharmonic_at_The_Shed_-_51123219362.jpg
  commons-104549235: https://upload.wikimedia.org/wikipedia/commons/thumb/f/f7/New_York_Philharmonic_at_The_Shed_-_51123218672.jpg/1280px-New_York_Philharmonic_at_The_Shed_-_51123218672.jpg
    preview: https://upload.wikimedia.org/wikipedia/commons/thumb/f/f7/New_York_Philharmonic_at_The_Shed_-_51123218672.jpg/500px-New_York_Philharmonic_at_The_Shed_-_51123218672.jpg
  commons-109789196: https://upload.wikimedia.org/wikipedia/commons/thumb/0/09/The_Shed_August_2021.jpg/1280px-The_Shed_August_2021.jpg
    preview: https://upload.wikimedia.org/wikipedia/commons/thumb/0/09/The_Shed_August_2021.jpg/500px-The_Shed_August_2021.jpg

============================================================
