=== Times Square ===

Unsplash URLs (8):
  MVtePXPjNWc: https://images.unsplash.com/photo-1706823300603-b4894ff638b9?crop=entropy&cs=tinysrgb&fit=max&fm=jpg&ixid=M3w5MjIzMTR8MHwxfHNlYXJjaHwxfHxUaW1lcyUyMFNxdWFyZSUyQyUyME5ldyUyMFlvcmslMkMlMjBVbml0ZWQlMjBTdGF0ZXN8ZW58MXwwfHx8MTc4NTQ0OTgyOXww&ixlib=rb-4.1.0&q=80&w=1080
  YKZqz8jBj5I: https://images.unsplash.com/photo-1550608885-017f62625fdb?crop=entropy&cs=tinysrgb&fit=max&fm=jpg&ixid=M3w5MjIzMTR8MHwxfHNlYXJjaHwyfHxUaW1lcyUyMFNxdWFyZSUyQyUyME5ldyUyMFlvcmslMkMlMjBVbml0ZWQlMjBTdGF0ZXN8ZW58MXwwfHx8MTc4NTQ0OTgyOXww&ixlib=rb-4.1.0&q=80&w=1080
  EeZoDfTFGxM: https://images.unsplash.com/photo-1642787695164-2f3abaddd40d?crop=entropy&cs=tinysrgb&fit=max&fm=jpg&ixid=M3w5MjIzMTR8MHwxfHNlYXJjaHwzfHxUaW1lcyUyMFNxdWFyZSUyQyUyME5ldyUyMFlvcmslMkMlMjBVbml0ZWQlMjBTdGF0ZXN8ZW58MXwwfHx8MTc4NTQ0OTgyOXww&ixlib=rb-4.1.0&q=80&w=1080
  0trOlEuyXDU: https://images.unsplash.com/photo-1692756227212-554860533282?crop=entropy&cs=tinysrgb&fit=max&fm=jpg&ixid=M3w5MjIzMTR8MHwxfHNlYXJjaHw0fHxUaW1lcyUyMFNxdWFyZSUyQyUyME5ldyUyMFlvcmslMkMlMjBVbml0ZWQlMjBTdGF0ZXN8ZW58MXwwfHx8MTc4NTQ0OTgyOXww&ixlib=rb-4.1.0&q=80&w=1080
  tHdONyz_W9Y: https://images.unsplash.com/photo-1585238326164-612cb4248873?crop=entropy&cs=tinysrgb&fit=max&fm=jpg&ixid=M3w5MjIzMTR8MHwxfHNlYXJjaHw1fHxUaW1lcyUyMFNxdWFyZSUyQyUyME5ldyUyMFlvcmslMkMlMjBVbml0ZWQlMjBTdGF0ZXN8ZW58MXwwfHx8MTc4NTQ0OTgyOXww&ixlib=rb-4.1.0&q=80&w=1080
  dqfjIxQGtxU: https://images.unsplash.com/photo-1597814695402-8cdc35d4640e?crop=entropy&cs=tinysrgb&fit=max&fm=jpg&ixid=M3w5MjIzMTR8MHwxfHNlYXJjaHw2fHxUaW1lcyUyMFNxdWFyZSUyQyUyME5ldyUyMFlvcmslMkMlMjBVbml0ZWQlMjBTdGF0ZXN8ZW58MXwwfHx8MTc4NTQ0OTgyOXww&ixlib=rb-4.1.0&q=80&w=1080
  ZOEXP6vnLb0: https://images.unsplash.com/photo-1582129165473-a878f105f3b8?crop=entropy&cs=tinysrgb&fit=max&fm=jpg&ixid=M3w5MjIzMTR8MHwxfHNlYXJjaHw3fHxUaW1lcyUyMFNxdWFyZSUyQyUyME5ldyUyMFlvcmslMkMlMjBVbml0ZWQlMjBTdGF0ZXN8ZW58MXwwfHx8MTc4NTQ0OTgyOXww&ixlib=rb-4.1.0&q=80&w=1080
  3yd8G7mng0k: https://images.unsplash.com/photo-1617910522558-ec63a8a01edb?crop=entropy&cs=tinysrgb&fit=max&fm=jpg&ixid=M3w5MjIzMTR8MHwxfHNlYXJjaHw4fHxUaW1lcyUyMFNxdWFyZSUyQyUyME5ldyUyMFlvcmslMkMlMjBVbml0ZWQlMjBTdGF0ZXN8ZW58MXwwfHx8MTc4NTQ0OTgyOXww&ixlib=rb-4.1.0&q=80&w=1080

Relevant URLs (6):
  MVtePXPjNWc: https://images.unsplash.com/photo-1706823300603-b4894ff638b9?crop=entropy&cs=tinysrgb&fit=max&fm=jpg&ixid=M3w5MjIzMTR8MHwxfHNlYXJjaHwxfHxUaW1lcyUyMFNxdWFyZSUyQyUyME5ldyUyMFlvcmslMkMlMjBVbml0ZWQlMjBTdGF0ZXN8ZW58MXwwfHx8MTc4NTQ0OTgyOXww&ixlib=rb-4.1.0&q=80&w=1080
  YKZqz8jBj5I: https://images.unsplash.com/photo-1550608885-017f62625fdb?crop=entropy&cs=tinysrgb&fit=max&fm=jpg&ixid=M3w5MjIzMTR8MHwxfHNlYXJjaHwyfHxUaW1lcyUyMFNxdWFyZSUyQyUyME5ldyUyMFlvcmslMkMlMjBVbml0ZWQlMjBTdGF0ZXN8ZW58MXwwfHx8MTc4NTQ0OTgyOXww&ixlib=rb-4.1.0&q=80&w=1080
  EeZoDfTFGxM: https://images.unsplash.com/photo-1642787695164-2f3abaddd40d?crop=entropy&cs=tinysrgb&fit=max&fm=jpg&ixid=M3w5MjIzMTR8MHwxfHNlYXJjaHwzfHxUaW1lcyUyMFNxdWFyZSUyQyUyME5ldyUyMFlvcmslMkMlMjBVbml0ZWQlMjBTdGF0ZXN8ZW58MXwwfHx8MTc4NTQ0OTgyOXww&ixlib=rb-4.1.0&q=80&w=1080
  tHdONyz_W9Y: https://images.unsplash.com/photo-1585238326164-612cb4248873?crop=entropy&cs=tinysrgb&fit=max&fm=jpg&ixid=M3w5MjIzMTR8MHwxfHNlYXJjaHw1fHxUaW1lcyUyMFNxdWFyZSUyQyUyME5ldyUyMFlvcmslMkMlMjBVbml0ZWQlMjBTdGF0ZXN8ZW58MXwwfHx8MTc4NTQ0OTgyOXww&ixlib=rb-4.1.0&q=80&w=1080
  dqfjIxQGtxU: https://images.unsplash.com/photo-1597814695402-8cdc35d4640e?crop=entropy&cs=tinysrgb&fit=max&fm=jpg&ixid=M3w5MjIzMTR8MHwxfHNlYXJjaHw2fHxUaW1lcyUyMFNxdWFyZSUyQyUyME5ldyUyMFlvcmslMkMlMjBVbml0ZWQlMjBTdGF0ZXN8ZW58MXwwfHx8MTc4NTQ0OTgyOXww&ixlib=rb-4.1.0&q=80&w=1080
  ZOEXP6vnLb0: https://images.unsplash.com/photo-1582129165473-a878f105f3b8?crop=entropy&cs=tinysrgb&fit=max&fm=jpg&ixid=M3w5MjIzMTR8MHwxfHNlYXJjaHw3fHxUaW1lcyUyMFNxdWFyZSUyQyUyME5ldyUyMFlvcmslMkMlMjBVbml0ZWQlMjBTdGF0ZXN8ZW58MXwwfHx8MTc4NTQ0OTgyOXww&ixlib=rb-4.1.0&q=80&w=1080

Cover URL:
  YKZqz8jBj5I: https://images.unsplash.com/photo-1550608885-017f62625fdb?crop=entropy&cs=tinysrgb&fit=max&fm=jpg&ixid=M3w5MjIzMTR8MHwxfHNlYXJjaHwyfHxUaW1lcyUyMFNxdWFyZSUyQyUyME5ldyUyMFlvcmslMkMlMjBVbml0ZWQlMjBTdGF0ZXN8ZW58MXwwfHx8MTc4NTQ0OTgyOXww&ixlib=rb-4.1.0&q=80&w=1080

Gallery URLs (4):
  MVtePXPjNWc: https://images.unsplash.com/photo-1706823300603-b4894ff638b9?crop=entropy&cs=tinysrgb&fit=max&fm=jpg&ixid=M3w5MjIzMTR8MHwxfHNlYXJjaHwxfHxUaW1lcyUyMFNxdWFyZSUyQyUyME5ldyUyMFlvcmslMkMlMjBVbml0ZWQlMjBTdGF0ZXN8ZW58MXwwfHx8MTc4NTQ0OTgyOXww&ixlib=rb-4.1.0&q=80&w=1080
  tHdONyz_W9Y: https://images.unsplash.com/photo-1585238326164-612cb4248873?crop=entropy&cs=tinysrgb&fit=max&fm=jpg&ixid=M3w5MjIzMTR8MHwxfHNlYXJjaHw1fHxUaW1lcyUyMFNxdWFyZSUyQyUyME5ldyUyMFlvcmslMkMlMjBVbml0ZWQlMjBTdGF0ZXN8ZW58MXwwfHx8MTc4NTQ0OTgyOXww&ixlib=rb-4.1.0&q=80&w=1080
  dqfjIxQGtxU: https://images.unsplash.com/photo-1597814695402-8cdc35d4640e?crop=entropy&cs=tinysrgb&fit=max&fm=jpg&ixid=M3w5MjIzMTR8MHwxfHNlYXJjaHw2fHxUaW1lcyUyMFNxdWFyZSUyQyUyME5ldyUyMFlvcmslMkMlMjBVbml0ZWQlMjBTdGF0ZXN8ZW58MXwwfHx8MTc4NTQ0OTgyOXww&ixlib=rb-4.1.0&q=80&w=1080
  ZOEXP6vnLb0: https://images.unsplash.com/photo-1582129165473-a878f105f3b8?crop=entropy&cs=tinysrgb&fit=max&fm=jpg&ixid=M3w5MjIzMTR8MHwxfHNlYXJjaHw3fHxUaW1lcyUyMFNxdWFyZSUyQyUyME5ldyUyMFlvcmslMkMlMjBVbml0ZWQlMjBTdGF0ZXN8ZW58MXwwfHx8MTc4NTQ0OTgyOXww&ixlib=rb-4.1.0&q=80&w=1080

============================================================
