=== Vessel ===

Unsplash URLs (15):
  V4cHacmEnW8: https://images.unsplash.com/photo-1587162146766-e06b1189b907?crop=entropy&cs=tinysrgb&fit=max&fm=jpg&ixid=M3w5MjIzMTR8MHwxfHNlYXJjaHwxfHxWZXNzZWwlMkMlMjBOZXclMjBZb3JrJTJDJTIwVW5pdGVkJTIwU3RhdGVzfGVufDF8MHx8fDE3ODU0NTAyMDh8MA&ixlib=rb-4.1.0&q=80&w=1080
  vctQ1hwdeXc: https://images.unsplash.com/photo-1618243539083-50d8840e122f?crop=entropy&cs=tinysrgb&fit=max&fm=jpg&ixid=M3w5MjIzMTR8MHwxfHNlYXJjaHwyfHxWZXNzZWwlMkMlMjBOZXclMjBZb3JrJTJDJTIwVW5pdGVkJTIwU3RhdGVzfGVufDF8MHx8fDE3ODU0NTAyMDh8MA&ixlib=rb-4.1.0&q=80&w=1080
  nkUUM5UI4gE: https://images.unsplash.com/photo-1705354695189-760fdb934819?crop=entropy&cs=tinysrgb&fit=max&fm=jpg&ixid=M3w5MjIzMTR8MHwxfHNlYXJjaHwzfHxWZXNzZWwlMkMlMjBOZXclMjBZb3JrJTJDJTIwVW5pdGVkJTIwU3RhdGVzfGVufDF8MHx8fDE3ODU0NTAyMDh8MA&ixlib=rb-4.1.0&q=80&w=1080
  4kJgG5g6Xak: https://images.unsplash.com/photo-1625618952366-2bb3e4f4cbfe?crop=entropy&cs=tinysrgb&fit=max&fm=jpg&ixid=M3w5MjIzMTR8MHwxfHNlYXJjaHw0fHxWZXNzZWwlMkMlMjBOZXclMjBZb3JrJTJDJTIwVW5pdGVkJTIwU3RhdGVzfGVufDF8MHx8fDE3ODU0NTAyMDh8MA&ixlib=rb-4.1.0&q=80&w=1080
  d2hVBs_y-ao: https://images.unsplash.com/photo-1663052722906-5a9d0433b9ce?crop=entropy&cs=tinysrgb&fit=max&fm=jpg&ixid=M3w5MjIzMTR8MHwxfHNlYXJjaHw1fHxWZXNzZWwlMkMlMjBOZXclMjBZb3JrJTJDJTIwVW5pdGVkJTIwU3RhdGVzfGVufDF8MHx8fDE3ODU0NTAyMDh8MA&ixlib=rb-4.1.0&q=80&w=1080
  ZporAyk2e64: https://images.unsplash.com/photo-1663052723057-83a46c25f2f1?crop=entropy&cs=tinysrgb&fit=max&fm=jpg&ixid=M3w5MjIzMTR8MHwxfHNlYXJjaHw2fHxWZXNzZWwlMkMlMjBOZXclMjBZb3JrJTJDJTIwVW5pdGVkJTIwU3RhdGVzfGVufDF8MHx8fDE3ODU0NTAyMDh8MA&ixlib=rb-4.1.0&q=80&w=1080
  H5LPSaveFjw: https://images.unsplash.com/photo-1705065647558-e5eb8b5de442?crop=entropy&cs=tinysrgb&fit=max&fm=jpg&ixid=M3w5MjIzMTR8MHwxfHNlYXJjaHw3fHxWZXNzZWwlMkMlMjBOZXclMjBZb3JrJTJDJTIwVW5pdGVkJTIwU3RhdGVzfGVufDF8MHx8fDE3ODU0NTAyMDh8MA&ixlib=rb-4.1.0&q=80&w=1080
  6zWbQE7Vdaw: https://images.unsplash.com/photo-1722028848770-4401166a1c5e?crop=entropy&cs=tinysrgb&fit=max&fm=jpg&ixid=M3w5MjIzMTR8MHwxfHNlYXJjaHw4fHxWZXNzZWwlMkMlMjBOZXclMjBZb3JrJTJDJTIwVW5pdGVkJTIwU3RhdGVzfGVufDF8MHx8fDE3ODU0NTAyMDh8MA&ixlib=rb-4.1.0&q=80&w=1080
  0_n61XK-q44: https://images.unsplash.com/photo-1758443230859-642960be42b3?crop=entropy&cs=tinysrgb&fit=max&fm=jpg&ixid=M3w5MjIzMTR8MHwxfHNlYXJjaHw5fHxWZXNzZWwlMkMlMjBOZXclMjBZb3JrJTJDJTIwVW5pdGVkJTIwU3RhdGVzfGVufDF8MHx8fDE3ODU0NTAyMDh8MA&ixlib=rb-4.1.0&q=80&w=1080
  ZcJGKqtioRY: https://images.unsplash.com/photo-1779721186330-63c6cf42bc9f?crop=entropy&cs=tinysrgb&fit=max&fm=jpg&ixid=M3w5MjIzMTR8MHwxfHNlYXJjaHwxMHx8VmVzc2VsJTJDJTIwTmV3JTIwWW9yayUyQyUyMFVuaXRlZCUyMFN0YXRlc3xlbnwxfDB8fHwxNzg1NDUwMjA4fDA&ixlib=rb-4.1.0&q=80&w=1080
  pgjKcbvEpC4: https://images.unsplash.com/photo-1597163250431-90560ac8c800?crop=entropy&cs=tinysrgb&fit=max&fm=jpg&ixid=M3w5MjIzMTR8MHwxfHNlYXJjaHwxMXx8VmVzc2VsJTJDJTIwTmV3JTIwWW9yayUyQyUyMFVuaXRlZCUyMFN0YXRlc3xlbnwxfDB8fHwxNzg1NDUwMjA4fDA&ixlib=rb-4.1.0&q=80&w=1080
  00ecA2PYA-4: https://images.unsplash.com/photo-1722206335508-f370f8ba10d4?crop=entropy&cs=tinysrgb&fit=max&fm=jpg&ixid=M3w5MjIzMTR8MHwxfHNlYXJjaHwxMnx8VmVzc2VsJTJDJTIwTmV3JTIwWW9yayUyQyUyMFVuaXRlZCUyMFN0YXRlc3xlbnwxfDB8fHwxNzg1NDUwMjA4fDA&ixlib=rb-4.1.0&q=80&w=1080
  4DT2mv2LRz8: https://images.unsplash.com/photo-1657055234653-ee8c3ce6e47d?crop=entropy&cs=tinysrgb&fit=max&fm=jpg&ixid=M3w5MjIzMTR8MHwxfHNlYXJjaHwxM3x8VmVzc2VsJTJDJTIwTmV3JTIwWW9yayUyQyUyMFVuaXRlZCUyMFN0YXRlc3xlbnwxfDB8fHwxNzg1NDUwMjA4fDA&ixlib=rb-4.1.0&q=80&w=1080
  0oxyS3t7Vq4: https://images.unsplash.com/photo-1576606515563-11efe8d73af1?crop=entropy&cs=tinysrgb&fit=max&fm=jpg&ixid=M3w5MjIzMTR8MHwxfHNlYXJjaHwxNHx8VmVzc2VsJTJDJTIwTmV3JTIwWW9yayUyQyUyMFVuaXRlZCUyMFN0YXRlc3xlbnwxfDB8fHwxNzg1NDUwMjA4fDA&ixlib=rb-4.1.0&q=80&w=1080
  UW1eHchfdZs: https://images.unsplash.com/photo-1710273374344-b88ea9e7547a?crop=entropy&cs=tinysrgb&fit=max&fm=jpg&ixid=M3w5MjIzMTR8MHwxfHNlYXJjaHwxNXx8VmVzc2VsJTJDJTIwTmV3JTIwWW9yayUyQyUyMFVuaXRlZCUyMFN0YXRlc3xlbnwxfDB8fHwxNzg1NDUwMjA4fDA&ixlib=rb-4.1.0&q=80&w=1080

Relevant URLs (3):
  d2hVBs_y-ao: https://images.unsplash.com/photo-1663052722906-5a9d0433b9ce?crop=entropy&cs=tinysrgb&fit=max&fm=jpg&ixid=M3w5MjIzMTR8MHwxfHNlYXJjaHw1fHxWZXNzZWwlMkMlMjBOZXclMjBZb3JrJTJDJTIwVW5pdGVkJTIwU3RhdGVzfGVufDF8MHx8fDE3ODU0NTAyMDh8MA&ixlib=rb-4.1.0&q=80&w=1080
  ZporAyk2e64: https://images.unsplash.com/photo-1663052723057-83a46c25f2f1?crop=entropy&cs=tinysrgb&fit=max&fm=jpg&ixid=M3w5MjIzMTR8MHwxfHNlYXJjaHw2fHxWZXNzZWwlMkMlMjBOZXclMjBZb3JrJTJDJTIwVW5pdGVkJTIwU3RhdGVzfGVufDF8MHx8fDE3ODU0NTAyMDh8MA&ixlib=rb-4.1.0&q=80&w=1080
  nkUUM5UI4gE: https://images.unsplash.com/photo-1705354695189-760fdb934819?crop=entropy&cs=tinysrgb&fit=max&fm=jpg&ixid=M3w5MjIzMTR8MHwxfHNlYXJjaHwzfHxWZXNzZWwlMkMlMjBOZXclMjBZb3JrJTJDJTIwVW5pdGVkJTIwU3RhdGVzfGVufDF8MHx8fDE3ODU0NTAyMDh8MA&ixlib=rb-4.1.0&q=80&w=1080

Cover URL:
  ZporAyk2e64: https://images.unsplash.com/photo-1663052723057-83a46c25f2f1?crop=entropy&cs=tinysrgb&fit=max&fm=jpg&ixid=M3w5MjIzMTR8MHwxfHNlYXJjaHw2fHxWZXNzZWwlMkMlMjBOZXclMjBZb3JrJTJDJTIwVW5pdGVkJTIwU3RhdGVzfGVufDF8MHx8fDE3ODU0NTAyMDh8MA&ixlib=rb-4.1.0&q=80&w=1080

Gallery URLs (2):
  nkUUM5UI4gE: https://images.unsplash.com/photo-1705354695189-760fdb934819?crop=entropy&cs=tinysrgb&fit=max&fm=jpg&ixid=M3w5MjIzMTR8MHwxfHNlYXJjaHwzfHxWZXNzZWwlMkMlMjBOZXclMjBZb3JrJTJDJTIwVW5pdGVkJTIwU3RhdGVzfGVufDF8MHx8fDE3ODU0NTAyMDh8MA&ixlib=rb-4.1.0&q=80&w=1080
  d2hVBs_y-ao: https://images.unsplash.com/photo-1663052722906-5a9d0433b9ce?crop=entropy&cs=tinysrgb&fit=max&fm=jpg&ixid=M3w5MjIzMTR8MHwxfHNlYXJjaHw1fHxWZXNzZWwlMkMlMjBOZXclMjBZb3JrJTJDJTIwVW5pdGVkJTIwU3RhdGVzfGVufDF8MHx8fDE3ODU0NTAyMDh8MA&ixlib=rb-4.1.0&q=80&w=1080

============================================================
